../Core/Src/main.c:107:5:__io_putchar	16	static
../Core/Src/main.c:118:5:main	8	static
../Core/Src/main.c:209:6:SystemClock_Config	88	static
../Core/Src/main.c:257:13:MX_USART2_UART_Init	8	static
../Core/Src/main.c:288:13:MX_DMA_Init	16	static
../Core/Src/main.c:309:13:MX_GPIO_Init	48	static
../Core/Src/main.c:352:6:StartDefaultTask	16	static
../Core/Src/main.c:370:6:StartUartTask	24	static
../Core/Src/main.c:401:6:StartBootTask	16	static
../Core/Src/main.c:428:6:StartIdleTask	16	static
../Core/Src/main.c:452:6:Error_Handler	4	static,ignoring_inline_asm
