../Core/Src/main.c:137:5:__io_putchar	16	static
../Core/Src/main.c:143:9:isButtonPressed	8	static
../Core/Src/main.c:148:6:handleButtonPress	8	static
../Core/Src/main.c:197:5:main	8	static
../Core/Src/main.c:297:6:SystemClock_Config	88	static
../Core/Src/main.c:345:13:MX_USART2_UART_Init	8	static
../Core/Src/main.c:376:13:MX_DMA_Init	16	static
../Core/Src/main.c:397:13:MX_GPIO_Init	48	static
../Core/Src/main.c:440:6:StartDefaultTask	16	static
../Core/Src/main.c:458:6:StartUartTask	24	static
../Core/Src/main.c:489:6:StartBootTask	16	static
../Core/Src/main.c:523:6:StartIdleTask	16	static
../Core/Src/main.c:556:6:StartAscentTask	16	static
../Core/Src/main.c:584:6:StartDescentTask	16	static
../Core/Src/main.c:629:6:StartRecoveryTask	16	static
../Core/Src/main.c:656:6:Error_Handler	4	static,ignoring_inline_asm
