../Core/Src/main.c:145:1:__io_putchar	16	static
../Core/Src/main.c:151:5:_write	32	static
../Core/Src/main.c:166:6:SimulateStateActions	16	static
../Core/Src/main.c:192:6:SaveToEEPROM	8	static
../Core/Src/main.c:197:6:SimulateSDCardWrite	16	static
../Core/Src/main.c:206:5:main	8	static
../Core/Src/main.c:303:6:SystemClock_Config	88	static
../Core/Src/main.c:351:13:MX_USART2_UART_Init	8	static
../Core/Src/main.c:384:13:MX_GPIO_Init	48	static
../Core/Src/main.c:437:6:StateTask	24	static
../Core/Src/main.c:485:6:TelemetryTask	472	static
../Core/Src/main.c:543:6:ErrorTask	24	static
../Core/Src/main.c:573:6:StorageTask	16	static
../Core/Src/main.c:589:6:Error_Handler	4	static,ignoring_inline_asm
