../Core/Src/main.c:151:5:__io_putchar	16	static
../Core/Src/main.c:157:6:DebugPrint	16	static
../Core/Src/main.c:162:6:LogError	128	static
../Core/Src/main.c:197:6:SimulateSDCardWrite	16	static
../Core/Src/main.c:201:12:CheckSystemErrors	16	static
../Core/Src/main.c:278:5:main	8	static
../Core/Src/main.c:387:6:SystemClock_Config	88	static
../Core/Src/main.c:435:13:MX_USART2_UART_Init	8	static
../Core/Src/main.c:468:13:MX_GPIO_Init	48	static
../Core/Src/main.c:511:6:StartDefaultTask	16	static
../Core/Src/main.c:529:6:TelemetryTask	504	static
../Core/Src/main.c:588:6:SensorTask	24	static
../Core/Src/main.c:624:6:StateManagerTask	112	static
../Core/Src/main.c:693:6:ErrorMonitorTask	16	static
../Core/Src/main.c:715:6:FlashManagerTask	16	static
../Core/Src/main.c:734:6:Error_Handler	4	static,ignoring_inline_asm
